                                       Model: 2-Dimensional IPC Model with Fixed Class Points    21:08 Monday, November 28, 2016   1

                                                       The NLMIXED Procedure

                                                           Specifications

                                  Data Set                                    WORK.NESDA2         
                                  Dependent Variable                          resp                
                                  Distribution for Dependent Variable         General             
                                  Optimization Technique                      Dual Quasi-Newton   
                                  Integration Method                          None                


                                                             Dimensions

                                              Observations Used                   2938
                                              Observations Not Used                  0
                                              Total Observations                  2938
                                              Parameters                            18


                                                             Parameters
 
       b01       b02       b11       b12       b21       b22       b31       b32       b41       b42       b51       b52       b61

         0         0         0         0         0         0         0         0         0         0         0         0         0

                                                             Parameters
 
                                    b62         b71         b72         b81         b82    NegLogLike

                                      0           0           0           0           0    3160.67636


                                                          Iteration History
 
                                  Iter     Calls    NegLogLike        Diff     MaxGrad       Slope

                                     1         2    2066.09786    1094.579    223.7623      -20359
                                     2         3    1954.53375    111.5641     126.804     -176.05
                                     3         5    1870.21587    84.31788    42.53203    -91.2927
                                     4         7    1859.76388    10.45199    39.14578    -8.77517
                                     5         9    1849.19775    10.56614    20.16738    -8.30828
                                     6        11    1845.79386    3.403886    17.09149    -2.11058
                                     7        12    1844.41891    1.374957    31.84098    -1.56714
                                     8        13    1842.63605    1.782854      7.0438    -3.00342
                                     9        15    1841.59551     1.04054    6.794066    -0.41945
                                    10        17    1841.34873    0.246778    3.051551     -0.2688
                                    11        19    1841.26167    0.087061    2.285854    -0.07243
                                    12        20    1841.23888    0.022791    3.554405    -0.03837
                                    13        22    1841.19029    0.048596    0.830093    -0.08824
                                    14        24    1841.17779    0.012497    1.140122    -0.01001
                                    15        26    1841.17005    0.007737    0.657233    -0.00719
                                    16        27    1841.16637    0.003681    0.779055    -0.00157
                                    17        29    1841.16407    0.002297    0.190605    -0.00384
                                    18        31     1841.1633    0.000774    0.195279    -0.00047
                                    19        33    1841.16297    0.000332    0.082895    -0.00018
                                    20        34    1841.16293    0.000042    0.090617    -0.00004
                                    21        35    1841.16286    0.000062    0.027465    -0.00012
                                       Model: 2-Dimensional IPC Model with Fixed Class Points    21:08 Monday, November 28, 2016   2

                                                       The NLMIXED Procedure

                                                          Iteration History
 
                                  Iter     Calls    NegLogLike        Diff     MaxGrad       Slope

                                    22        37    1841.16286    5.046E-6    0.013192    -7.03E-6


                                            NOTE: GCONV convergence criterion satisfied.          


                                                           Fit Statistics

                                              -2 Log Likelihood                 3682.3
                                              AIC (smaller is better)           3718.3
                                              AICC (smaller is better)          3718.6
                                              BIC (smaller is better)           3826.1


                                                        Parameter Estimates
 
                                    Standard
           Parameter    Estimate       Error      DF    t Value    Pr > |t|     Alpha       Lower       Upper    Gradient

           b01           -2.2351      0.1345    2938     -16.62      <.0001      0.05     -2.4988     -1.9714    0.007485
           b02           -1.5587      0.1078    2938     -14.47      <.0001      0.05     -1.7700     -1.3474    -0.01319
           b11           -0.1366      0.1442    2938      -0.95      0.3433      0.05     -0.4193      0.1460    0.005745
           b12           -0.2073      0.1229    2938      -1.69      0.0916      0.05     -0.4483     0.03358    -0.00645
           b21            0.2033     0.07255    2938       2.80      0.0051      0.05     0.06104      0.3455    -0.00896
           b22           0.06688     0.06024    2938       1.11      0.2670      0.05    -0.05124      0.1850     -0.0038
           b31           -0.1328     0.07091    2938      -1.87      0.0613      0.05     -0.2718    0.006277    0.004921
           b32           -0.1204     0.06034    2938      -1.99      0.0461      0.05     -0.2387    -0.00206    -0.00423
           b41            0.9992      0.1051    2938       9.51      <.0001      0.05      0.7931      1.2053     -0.0078
           b42            1.1377     0.08894    2938      12.79      <.0001      0.05      0.9633      1.3121    0.011255
           b51           -0.4307     0.08882    2938      -4.85      <.0001      0.05     -0.6048     -0.2565    0.004986
           b52           -0.1288     0.07366    2938      -1.75      0.0804      0.05     -0.2733     0.01559    -0.00664
           b61          -0.02315     0.06881    2938      -0.34      0.7366      0.05     -0.1581      0.1118      -0.003
           b62           0.02742     0.05857    2938       0.47      0.6397      0.05    -0.08743      0.1423     0.00469
           b71          -0.07819     0.06872    2938      -1.14      0.2553      0.05     -0.2129     0.05656    -0.00499
           b72           -0.1120     0.05904    2938      -1.90      0.0579      0.05     -0.2278    0.003764    0.003569
           b81          -0.05583     0.07488    2938      -0.75      0.4560      0.05     -0.2027     0.09099     -0.0023
           b82          -0.01182     0.06399    2938      -0.18      0.8534      0.05     -0.1373      0.1136    0.012594
                                       Model: 2-Dimensional IPC Model with Fixed Class Points    21:08 Monday, November 28, 2016   3

                                                       The NLMIXED Procedure

                                                           Specifications

                                  Data Set                                    WORK.NESDA2         
                                  Dependent Variable                          resp                
                                  Distribution for Dependent Variable         General             
                                  Optimization Technique                      Dual Quasi-Newton   
                                  Integration Method                          None                


                                                             Dimensions

                                              Observations Used                   2938
                                              Observations Not Used                  0
                                              Total Observations                  2938
                                              Parameters                            12


                                                             Parameters
 
      b01       b02       b11       b12       b21       b22       b31       b32       b41       b42       b51       b52  NegLogLike

        0         0         0         0         0         0         0         0         0         0         0         0  3160.67636


                                                          Iteration History
 
                                  Iter     Calls    NegLogLike        Diff     MaxGrad       Slope

                                     1         2    2070.46518    1090.211     201.064    -19261.3
                                     2         4    1885.17654    185.2886    43.08295    -157.602
                                     3         5    1864.66422    20.51232    40.89624    -29.6652
                                     4         6     1852.6467    12.01752     34.6358    -35.4638
                                     5         7    1848.25742    4.389275    19.61543    -7.93455
                                     6         9    1846.88839    1.369036    15.45246    -3.92943
                                     7        10    1844.84888    2.039511    7.906058    -2.08926
                                     8        12    1844.33505    0.513823    6.195403    -0.71785
                                     9        14    1844.19261    0.142447    1.859587    -0.12082
                                    10        16    1844.16921    0.023397     0.78824    -0.02394
                                    11        18    1844.16221    0.007002    0.401486    -0.00643
                                    12        20     1844.1601    0.002112    0.216009    -0.00213
                                    13        22    1844.15974     0.00036    0.116614    -0.00044
                                    14        24    1844.15953    0.000203    0.019993    -0.00018
                                    15        26    1844.15953    1.128E-6     0.00045    -2.22E-6


                                            NOTE: GCONV convergence criterion satisfied.          


                                                           Fit Statistics

                                              -2 Log Likelihood                 3688.3
                                              AIC (smaller is better)           3712.3
                                              AICC (smaller is better)          3712.4
                                              BIC (smaller is better)           3784.1
                                       Model: 2-Dimensional IPC Model with Fixed Class Points    21:08 Monday, November 28, 2016   4

                                                       The NLMIXED Procedure

                                                        Parameter Estimates
 
                                    Standard
           Parameter    Estimate       Error      DF    t Value    Pr > |t|     Alpha       Lower       Upper    Gradient

           b01           -2.2026      0.1312    2938     -16.79      <.0001      0.05     -2.4597     -1.9454    -0.00004
           b02           -1.5128      0.1045    2938     -14.48      <.0001      0.05     -1.7177     -1.3079    -0.00014
           b11           -0.1781      0.1400    2938      -1.27      0.2034      0.05     -0.4526     0.09642    -0.00015
           b12           -0.2627      0.1193    2938      -2.20      0.0277      0.05     -0.4967    -0.02878    -0.00017
           b21            0.1955     0.07227    2938       2.71      0.0069      0.05     0.05381      0.3372    0.000183
           b22           0.05709     0.05993    2938       0.95      0.3409      0.05    -0.06043      0.1746    -0.00012
           b31           -0.1510     0.06603    2938      -2.29      0.0223      0.05     -0.2805    -0.02155     0.00045
           b32           -0.1262     0.05619    2938      -2.25      0.0248      0.05     -0.2364    -0.01605    -0.00007
           b41            1.0270      0.1015    2938      10.12      <.0001      0.05      0.8279      1.2260    -0.00017
           b42            1.1570     0.08566    2938      13.51      <.0001      0.05      0.9890      1.3249    -0.00004
           b51           -0.4615     0.08510    2938      -5.42      <.0001      0.05     -0.6283     -0.2946    0.000071
           b52           -0.1475     0.07042    2938      -2.09      0.0363      0.05     -0.2856    -0.00940    -0.00002
                                       Model: 2-Dimensional IPC Model with Free Class Points     21:08 Monday, November 28, 2016   5

                                                       The NLMIXED Procedure

                                                           Specifications

                                  Data Set                                    WORK.NESDA2         
                                  Dependent Variable                          resp                
                                  Distribution for Dependent Variable         General             
                                  Optimization Technique                      Dual Quasi-Newton   
                                  Integration Method                          None                


                                                             Dimensions

                                              Observations Used                   2938
                                              Observations Not Used                  0
                                              Total Observations                  2938
                                              Parameters                            20


                                                             Parameters
 
       b01       b02       b11       b12       b21       b22       b31       b32       b41       b42       b51       b52       b61

         0         0         0         0         0         0         0         0         0         0         0         0         0

                                                             Parameters
 
                        b62         b71         b72         b81         b82        phi1        phi2    NegLogLike

                          0           0           0           0           0        0.01        0.01     3155.0648


                                                          Iteration History
 
                                  Iter     Calls    NegLogLike        Diff     MaxGrad       Slope

                                     1         2    2100.18619    1054.879    143.8356      -21844
                                     2         4    1875.72775    224.4584    120.1933    -132.673
                                     3         6    1834.40431    41.32344    40.29166    -238.619
                                     4         7    1825.34093    9.063384    52.22622    -20.6405
                                     5         8    1814.35751    10.98342      19.748    -32.5721
                                     6        10     1809.2435    5.114006    15.87509    -5.70095
                                     7        12    1807.39492     1.84858     13.2945     -3.3751
                                     8        13    1806.11621    1.278711    15.23026    -3.33542
                                     9        14    1805.69491    0.421302    14.02076    -1.46907
                                    10        15    1805.03063    0.664281    3.514933    -1.25932
                                    11        17     1804.8231     0.20753    4.365022    -0.26154
                                    12        18    1804.58414    0.238965    4.892507    -0.18207
                                    13        19    1804.40997    0.174167     5.19298    -0.24007
                                    14        20    1804.21208    0.197893    2.809418    -0.18585
                                    15        21    1803.89015    0.321926    5.139153    -0.17866
                                    16        23    1803.69526    0.194894    2.915764    -0.32066
                                    17        25    1803.57814    0.117121    1.982407    -0.10827
                                    18        27     1803.5539    0.024238    1.033378    -0.06057
                                    19        29    1803.53768     0.01622    0.864916    -0.03307
                                    20        31    1803.53204    0.005641    0.432316     -0.0085
                                    21        33    1803.52997    0.002068     0.19726    -0.00275
                                       Model: 2-Dimensional IPC Model with Free Class Points     21:08 Monday, November 28, 2016   6

                                                       The NLMIXED Procedure

                                                          Iteration History
 
                                  Iter     Calls    NegLogLike        Diff     MaxGrad       Slope

                                    22        35    1803.52947    0.000501    0.076885    -0.00054
                                    23        37    1803.52938    0.000091    0.027701    -0.00013
                                    24        39    1803.52937    7.596E-6    0.009218    -0.00001


                                            NOTE: GCONV convergence criterion satisfied.          


                                                           Fit Statistics

                                              -2 Log Likelihood                 3607.1
                                              AIC (smaller is better)           3647.1
                                              AICC (smaller is better)          3647.3
                                              BIC (smaller is better)           3766.8


                                                        Parameter Estimates
 
                                    Standard
           Parameter    Estimate       Error      DF    t Value    Pr > |t|     Alpha       Lower       Upper    Gradient

           b01           -2.6082      0.1517    2938     -17.19      <.0001      0.05     -2.9058     -2.3107    0.002658
           b02           -1.7278      0.1215    2938     -14.22      <.0001      0.05     -1.9660     -1.4895    -0.00054
           b11           -0.1691      0.1463    2938      -1.16      0.2479      0.05     -0.4560      0.1178    0.001714
           b12           -0.2617      0.1407    2938      -1.86      0.0630      0.05     -0.5376     0.01418    -0.00021
           b21            0.2038     0.07338    2938       2.78      0.0055      0.05     0.05994      0.3477    0.001934
           b22           0.03751     0.06849    2938       0.55      0.5839      0.05    -0.09678      0.1718     0.00055
           b31           -0.1531     0.07182    2938      -2.13      0.0331      0.05     -0.2939    -0.01226    -0.00602
           b32           -0.1427     0.06947    2938      -2.05      0.0400      0.05     -0.2789    -0.00652    -0.00358
           b41            1.1109      0.1309    2938       8.49      <.0001      0.05      0.8542      1.3676     0.00393
           b42            1.1879      0.1011    2938      11.75      <.0001      0.05      0.9896      1.3861    0.006487
           b51           -0.4419     0.09097    2938      -4.86      <.0001      0.05     -0.6203     -0.2635    -0.00286
           b52          -0.07815     0.08394    2938      -0.93      0.3519      0.05     -0.2427     0.08643    -0.00922
           b61          -0.01703     0.06956    2938      -0.24      0.8066      0.05     -0.1534      0.1194    -0.00413
           b62           0.04993     0.06704    2938       0.74      0.4565      0.05    -0.08153      0.1814    -0.00028
           b71          -0.08425     0.07012    2938      -1.20      0.2296      0.05     -0.2217     0.05324    -0.00037
           b72          -0.08865     0.06848    2938      -1.29      0.1956      0.05     -0.2229     0.04562    -0.00202
           b81          -0.06349     0.07560    2938      -0.84      0.4011      0.05     -0.2117     0.08475    -0.00342
           b82          -0.04816     0.07470    2938      -0.64      0.5192      0.05     -0.1946     0.09831     -0.0003
           phi1         -0.00625      0.1308    2938      -0.05      0.9619      0.05     -0.2627      0.2502    -0.00917
           phi2          -0.7449      0.2469    2938      -3.02      0.0026      0.05     -1.2291     -0.2608    -0.00328


                                                        Additional Estimates
 
                                        Standard
                   Label    Estimate       Error      DF    t Value    Pr > |t|     Alpha       Lower       Upper

                   b03        1.7771      0.2033    2938       8.74      <.0001      0.05      1.3784      2.1758
                   b13        0.1960      0.1177    2938       1.67      0.0958      0.05    -0.03468      0.4267
                   b23      -0.02922     0.05469    2938      -0.53      0.5932      0.05     -0.1365     0.07802
                   b33        0.1073     0.05640    2938       1.90      0.0573      0.05    -0.00331      0.2179
                                       Model: 2-Dimensional IPC Model with Free Class Points     21:08 Monday, November 28, 2016   7

                                                       The NLMIXED Procedure

                                                        Additional Estimates
 
                                        Standard
                   Label    Estimate       Error      DF    t Value    Pr > |t|     Alpha       Lower       Upper

                   b43       -0.8918      0.1859    2938      -4.80      <.0001      0.05     -1.2562     -0.5274
                   b53       0.06098     0.07541    2938       0.81      0.4188      0.05    -0.08689      0.2088
                   b63      -0.03709     0.05313    2938      -0.70      0.4852      0.05     -0.1413     0.06709
                   b73       0.06656     0.05076    2938       1.31      0.1898      0.05    -0.03296      0.1661
                   b83       0.03627     0.05673    2938       0.64      0.5227      0.05    -0.07497      0.1475
                                       Model: 2-Dimensional IPC Model with Free Class Points     21:08 Monday, November 28, 2016   8

                                                       The NLMIXED Procedure

                                                           Specifications

                                  Data Set                                    WORK.NESDA2         
                                  Dependent Variable                          resp                
                                  Distribution for Dependent Variable         General             
                                  Optimization Technique                      Dual Quasi-Newton   
                                  Integration Method                          None                


                                                             Dimensions

                                              Observations Used                   2938
                                              Observations Not Used                  0
                                              Total Observations                  2938
                                              Parameters                            14


                                                             Parameters
 
       b01       b02       b11       b12       b21       b22       b31       b32       b41       b42       b51       b52      phi1

         0         0         0         0         0         0         0         0         0         0         0         0      0.01

                                                             Parameters
 
                                                           phi2    NegLogLike

                                                           0.01     3155.0648


                                                          Iteration History
 
                                  Iter     Calls    NegLogLike        Diff     MaxGrad       Slope

                                     1         2     2122.5166    1032.548    185.9812    -20737.1
                                     2         3    1974.95635    147.5603     133.791    -217.846
                                     3         5    1845.79971    129.1566    73.35582    -135.116
                                     4         7    1831.49546    14.30425    38.46498    -15.4899
                                     5         9    1823.21485    8.280612    29.31865    -6.75502
                                     6        10    1817.04005      6.1748    39.62915    -4.38517
                                     7        12    1813.59461    3.445437    15.80731    -5.12527
                                     8        13    1810.63043     2.96418     22.8291    -1.17977
                                     9        15    1808.62519    2.005242    6.321183    -2.60519
                                    10        17    1808.04439    0.580795     6.41948     -0.5133
                                    11        18    1807.55579    0.488602    8.539297     -0.2736
                                    12        20    1807.34918    0.206609    3.673033    -0.24454
                                    13        21    1806.99871    0.350477    3.327574    -0.13772
                                    14        23    1806.89891      0.0998     2.83811    -0.15446
                                    15        24    1806.74006     0.15885    4.942931    -0.04132
                                    16        25    1806.54346    0.196593    6.333799    -0.17325
                                    17        27    1806.42356    0.119907    3.240883    -0.12174
                                    18        29    1806.33777     0.08579        3.78    -0.07994
                                    19        30    1806.20806    0.129701    2.859791     -0.0799
                                    20        31    1806.14984    0.058229    5.537628    -0.06741
                                    21        32    1806.04884    0.100996    4.148347    -0.16246
                                       Model: 2-Dimensional IPC Model with Free Class Points     21:08 Monday, November 28, 2016   9

                                                       The NLMIXED Procedure

                                                          Iteration History
 
                                  Iter     Calls    NegLogLike        Diff     MaxGrad       Slope

                                    22        33    1806.01204    0.036798     4.33704    -0.11611
                                    23        34    1805.95219    0.059852    1.319357    -0.11847
                                    24        36    1805.93722    0.014973    0.957605    -0.02257
                                    25        38    1805.92948    0.007734    0.904915    -0.00486
                                    26        40    1805.92447    0.005017    0.805689    -0.00492
                                    27        41    1805.92207    0.002392    1.251571    -0.00332
                                    28        42    1805.91848    0.003589    0.404082     -0.0051
                                    29        44    1805.91716    0.001322    0.177573    -0.00148
                                    30        46      1805.917    0.000162    0.072629    -0.00026
                                    31        48    1805.91699    0.000015    0.011067    -8.33E-6


                                            NOTE: GCONV convergence criterion satisfied.          


                                                           Fit Statistics

                                              -2 Log Likelihood                 3611.8
                                              AIC (smaller is better)           3639.8
                                              AICC (smaller is better)          3640.0
                                              BIC (smaller is better)           3723.6


                                                        Parameter Estimates
 
                                    Standard
           Parameter    Estimate       Error      DF    t Value    Pr > |t|     Alpha       Lower       Upper    Gradient

           b01           -2.5742      0.1484    2938     -17.35      <.0001      0.05     -2.8652     -2.2832    -0.00429
           b02           -1.6898      0.1179    2938     -14.33      <.0001      0.05     -1.9210     -1.4586     0.00752
           b11           -0.2148      0.1427    2938      -1.51      0.1322      0.05     -0.4946     0.06491    -0.00492
           b12           -0.3084      0.1364    2938      -2.26      0.0238      0.05     -0.5758    -0.04099    0.004742
           b21            0.1955     0.07316    2938       2.67      0.0076      0.05     0.05207      0.3390    0.007056
           b22           0.02553     0.06815    2938       0.37      0.7080      0.05     -0.1081      0.1591    0.007986
           b31           -0.1698     0.06689    2938      -2.54      0.0112      0.05     -0.3009    -0.03861    0.011067
           b32           -0.1368     0.06446    2938      -2.12      0.0339      0.05     -0.2632    -0.01044     -0.0077
           b41            1.1445      0.1271    2938       9.00      <.0001      0.05      0.8952      1.3937     -0.0076
           b42            1.2206     0.09781    2938      12.48      <.0001      0.05      1.0288      1.4124    0.002378
           b51           -0.4740     0.08742    2938      -5.42      <.0001      0.05     -0.6454     -0.3026    0.004781
           b52           -0.1001     0.08035    2938      -1.25      0.2128      0.05     -0.2577     0.05741    -0.00113
           phi1         -0.00777      0.1271    2938      -0.06      0.9512      0.05     -0.2569      0.2414    0.004933
           phi2          -0.7440      0.2389    2938      -3.11      0.0019      0.05     -1.2126     -0.2755    -0.00374


                                                        Additional Estimates
 
                                        Standard
                   Label    Estimate       Error      DF    t Value    Pr > |t|     Alpha       Lower       Upper

                   b03        1.7523      0.1994    2938       8.79      <.0001      0.05      1.3612      2.1433
                   b13        0.2311      0.1156    2938       2.00      0.0457      0.05    0.004430      0.4578
                   b23      -0.02051     0.05494    2938      -0.37      0.7089      0.05     -0.1282     0.08721
                                       Model: 2-Dimensional IPC Model with Free Class Points     21:08 Monday, November 28, 2016  10

                                                       The NLMIXED Procedure

                                                        Additional Estimates
 
                                        Standard
                   Label    Estimate       Error      DF    t Value    Pr > |t|     Alpha       Lower       Upper

                   b33        0.1031     0.05089    2938       2.03      0.0428      0.05    0.003348      0.2029
                   b43       -0.9171      0.1869    2938      -4.91      <.0001      0.05     -1.2835     -0.5506
                   b53       0.07818     0.07170    2938       1.09      0.2757      0.05    -0.06242      0.2188
                                       Model: 3-Dimensional IPC Model with Fixed Class Points    21:08 Monday, November 28, 2016  11

                                                       The NLMIXED Procedure

                                                           Specifications

                                  Data Set                                    WORK.NESDA2         
                                  Dependent Variable                          resp                
                                  Distribution for Dependent Variable         General             
                                  Optimization Technique                      Dual Quasi-Newton   
                                  Integration Method                          None                


                                                             Dimensions

                                              Observations Used                   2938
                                              Observations Not Used                  0
                                              Total Observations                  2938
                                              Parameters                            27


                                                             Parameters
 
       b01       b02       b03       b11       b12       b13       b21       b22       b23       b31       b32       b33       b41

         0         0         0         0         0         0         0         0         0         0         0         0         0

                                                             Parameters
 
       b42       b43       b51       b52       b53       b61       b62       b63       b71       b72       b73       b81       b82

         0         0         0         0         0         0         0         0         0         0         0         0         0

                                                             Parameters
 
                                                            b83    NegLogLike

                                                              0    3059.10082


                                                          Iteration History
 
                                  Iter     Calls    NegLogLike        Diff     MaxGrad       Slope

                                     1         2    2129.06978     930.031     243.503    -16761.6
                                     2         3    1981.69249    147.3773    141.5318    -258.106
                                     3         5    1879.79106    101.9014    65.67723    -119.737
                                     4         7    1860.80856    18.98249    44.98301    -18.6577
                                     5         9    1839.68079    21.12778    42.08781    -14.9712
                                     6        11    1830.89112    8.789663    29.83856     -5.6487
                                     7        12    1821.52917    9.361957    22.08934    -7.33265
                                     8        14    1817.95721     3.57196    22.87244    -3.92501
                                     9        15    1812.91686    5.040348    12.91465    -3.00349
                                    10        17    1811.00176    1.915095    11.42831    -1.79792
                                    11        18    1809.57837    1.423393    15.46836     -1.1135
                                    12        19     1807.8388    1.739571    8.350269    -1.68754
                                    13        20    1805.00613    2.832667    8.225915    -1.31041
                                    14        22    1804.06703    0.939106    6.270988    -1.34413
                                    15        24     1803.6782    0.388824    4.468419    -0.30786
                                       Model: 3-Dimensional IPC Model with Fixed Class Points    21:08 Monday, November 28, 2016  12

                                                       The NLMIXED Procedure

                                                          Iteration History
 
                                  Iter     Calls    NegLogLike        Diff     MaxGrad       Slope

                                    16        25    1803.06845    0.609755    5.561317    -0.22604
                                    17        26    1802.89802    0.170424    8.870492     -0.4773
                                    18        28    1802.43258    0.465447    3.550428     -0.7221
                                    19        29    1802.14081    0.291769      4.4806    -0.15191
                                    20        31    1801.97322    0.167588    2.010146    -0.26497
                                    21        32    1801.79357    0.179647    2.237079    -0.05558
                                    22        34    1801.71209    0.081486    1.804139    -0.06679
                                    23        35    1801.62698    0.085107    2.137457    -0.04414
                                    24        36    1801.50727    0.119708    1.566472    -0.07239
                                    25        38    1801.44198    0.065287     2.09107    -0.05933
                                    26        39     1801.4192    0.022784    3.539683    -0.03303
                                    27        40    1801.38374    0.035462      1.1147    -0.06264
                                    28        42    1801.36518    0.018555     1.07025      -0.015
                                    29        43    1801.33908    0.026105    0.840557    -0.01509
                                    30        45    1801.32796    0.011113    0.707283     -0.0062
                                    31        46    1801.32507     0.00289    0.760252    -0.00735
                                    32        48    1801.31848    0.006594    0.401514    -0.01152
                                    33        49    1801.31543    0.003049     0.78154    -0.00166
                                    34        50    1801.31076    0.004674    0.484285    -0.00744
                                    35        52     1801.3087    0.002059    0.281703    -0.00191
                                    36        53    1801.30735    0.001346    0.184265    -0.00125
                                    37        55    1801.30677    0.000585     0.09717    -0.00102
                                    38        57    1801.30657    0.000196    0.079434     -0.0001
                                    39        59    1801.30652    0.000052    0.052721    -0.00004
                                    40        60    1801.30646     0.00006    0.049464    -0.00002
                                    41        62    1801.30644    0.000021    0.027589    -0.00001


                                            NOTE: GCONV convergence criterion satisfied.          


                                                           Fit Statistics

                                              -2 Log Likelihood                 3602.6
                                              AIC (smaller is better)           3656.6
                                              AICC (smaller is better)          3657.1
                                              BIC (smaller is better)           3818.2


                                                        Parameter Estimates
 
                                    Standard
           Parameter    Estimate       Error      DF    t Value    Pr > |t|     Alpha       Lower       Upper    Gradient

           b01           -2.5605      0.1705    2938     -15.02      <.0001      0.05     -2.8947     -2.2263    0.010335
           b02           -1.7212      0.1218    2938     -14.13      <.0001      0.05     -1.9600     -1.4824    -0.00846
           b03            2.1481      0.2818    2938       7.62      <.0001      0.05      1.5955      2.7007    0.010076
           b11           -0.2343      0.1852    2938      -1.27      0.2059      0.05     -0.5974      0.1288    -0.00292
           b12           -0.2710      0.1413    2938      -1.92      0.0552      0.05     -0.5479    0.005999    0.002388
           b13            0.3482      0.2894    2938       1.20      0.2290      0.05     -0.2193      0.9158    0.003006
           b21            0.1916     0.09329    2938       2.05      0.0401      0.05    0.008709      0.3746    0.006611
           b22           0.03615     0.06896    2938       0.52      0.6001      0.05    -0.09907      0.1714    0.027589
                                       Model: 3-Dimensional IPC Model with Fixed Class Points    21:08 Monday, November 28, 2016  13

                                                       The NLMIXED Procedure

                                                        Parameter Estimates
 
                                    Standard
           Parameter    Estimate       Error      DF    t Value    Pr > |t|     Alpha       Lower       Upper    Gradient

           b23          -0.00031      0.1459    2938      -0.00      0.9983      0.05     -0.2864      0.2858    -0.00123
           b31           -0.1886     0.09155    2938      -2.06      0.0394      0.05     -0.3681    -0.00913    0.005521
           b32           -0.1482     0.06976    2938      -2.12      0.0337      0.05     -0.2850    -0.01144    0.000484
           b33            0.1872      0.1421    2938       1.32      0.1880      0.05    -0.09151      0.4659    -0.00264
           b41            1.0746      0.1374    2938       7.82      <.0001      0.05      0.8051      1.3441    -0.00873
           b42            1.1827      0.1017    2938      11.63      <.0001      0.05      0.9833      1.3821    -0.00445
           b43           -0.8070      0.2182    2938      -3.70      0.0002      0.05     -1.2348     -0.3792    0.005578
           b51           -0.4261      0.1146    2938      -3.72      0.0002      0.05     -0.6508     -0.2014    0.005336
           b52          -0.07556     0.08456    2938      -0.89      0.3717      0.05     -0.2414     0.09025    -0.01228
           b53           0.02632      0.1777    2938       0.15      0.8823      0.05     -0.3221      0.3747    -0.00735
           b61           0.01309     0.08844    2938       0.15      0.8824      0.05     -0.1603      0.1865     0.00361
           b62           0.05471     0.06737    2938       0.81      0.4168      0.05    -0.07739      0.1868    -0.00026
           b63           -0.1059      0.1367    2938      -0.77      0.4386      0.05     -0.3741      0.1622    0.005713
           b71          -0.01141     0.08908    2938      -0.13      0.8981      0.05     -0.1861      0.1633     0.00645
           b72          -0.07715     0.06829    2938      -1.13      0.2587      0.05     -0.2111     0.05676     0.01563
           b73           -0.1017      0.1374    2938      -0.74      0.4593      0.05     -0.3712      0.1678    -0.00618
           b81           -0.1537     0.09724    2938      -1.58      0.1142      0.05     -0.3443     0.03701    0.009938
           b82          -0.06225     0.07407    2938      -0.84      0.4007      0.05     -0.2075     0.08298    -0.00022
           b83            0.2434      0.1498    2938       1.62      0.1044      0.05    -0.05037      0.5371    0.004345
                                       Model: 3-Dimensional IPC Model with Fixed Class Points    21:08 Monday, November 28, 2016  14

                                                       The NLMIXED Procedure

                                                           Specifications

                                  Data Set                                    WORK.NESDA2         
                                  Dependent Variable                          resp                
                                  Distribution for Dependent Variable         General             
                                  Optimization Technique                      Dual Quasi-Newton   
                                  Integration Method                          None                


                                                             Dimensions

                                              Observations Used                   2938
                                              Observations Not Used                  0
                                              Total Observations                  2938
                                              Parameters                            18


                                                             Parameters
 
       b01       b02       b03       b11       b12       b13       b21       b22       b23       b31       b32       b33       b41

         0         0         0         0         0         0         0         0         0         0         0         0         0

                                                             Parameters
 
                                    b42         b43         b51         b52         b53    NegLogLike

                                      0           0           0           0           0    3059.10082


                                                          Iteration History
 
                                  Iter     Calls    NegLogLike        Diff     MaxGrad       Slope

                                     1         2    2132.12166    926.9792    217.3499    -15563.3
                                     2         4    1892.96097    239.1607    56.66441    -225.666
                                     3         5    1865.78902    27.17195     37.3592    -42.2228
                                     4         6    1843.56146    22.22756    45.74609    -49.0905
                                     5         7    1839.99045    3.571005      53.162    -13.2672
                                     6         9    1826.36751    13.62294    29.26461    -17.2739
                                     7        11    1819.51682    6.850688    19.39905    -6.95374
                                     8        13    1815.09747    4.419356     20.5571    -3.22019
                                     9        14    1812.53113    2.566338    22.17815    -2.74104
                                    10        15    1809.92274    2.608388    7.811671    -4.12045
                                    11        17    1808.41368    1.509059    5.646633    -1.26556
                                    12        19    1807.76453    0.649153    4.959742    -0.62391
                                    13        20    1806.91364    0.850889    7.696952    -0.38703
                                    14        22    1806.38338    0.530261    3.403666     -0.6489
                                    15        24    1806.23549    0.147884     2.86531      -0.128
                                    16        25    1806.09515    0.140344    3.549725    -0.07767
                                    17        26    1805.99144    0.103707    1.571235    -0.13501
                                    18        28    1805.92732    0.064121    1.473593    -0.09055
                                    19        29    1805.85289    0.074436     1.30705     -0.0282
                                    20        31    1805.82734    0.025547    0.826658    -0.03328
                                    21        33    1805.81601    0.011326    0.643301    -0.00834
                                       Model: 3-Dimensional IPC Model with Fixed Class Points    21:08 Monday, November 28, 2016  15

                                                       The NLMIXED Procedure

                                                          Iteration History
 
                                  Iter     Calls    NegLogLike        Diff     MaxGrad       Slope

                                    22        35    1805.80898    0.007032    0.278616    -0.00631
                                    23        37    1805.80647    0.002511    0.170561     -0.0014
                                    24        39    1805.80617    0.000297    0.055007    -0.00048
                                    25        41    1805.80614    0.000028    0.038838    -0.00003
                                    26        42    1805.80613    0.000018    0.050506    -0.00002


                                            NOTE: GCONV convergence criterion satisfied.          


                                                           Fit Statistics

                                              -2 Log Likelihood                 3611.6
                                              AIC (smaller is better)           3647.6
                                              AICC (smaller is better)          3647.8
                                              BIC (smaller is better)           3755.4


                                                        Parameter Estimates
 
                                    Standard
           Parameter    Estimate       Error      DF    t Value    Pr > |t|     Alpha       Lower       Upper    Gradient

           b01           -2.5481      0.1672    2938     -15.24      <.0001      0.05     -2.8759     -2.2204    0.017525
           b02           -1.6865      0.1183    2938     -14.25      <.0001      0.05     -1.9185     -1.4545    0.020575
           b03            2.1898      0.2741    2938       7.99      <.0001      0.05      1.6522      2.7273    0.007685
           b11           -0.2463      0.1800    2938      -1.37      0.1712      0.05     -0.5992      0.1066    0.002532
           b12           -0.3132      0.1372    2938      -2.28      0.0225      0.05     -0.5822    -0.04417    0.019253
           b13            0.3045      0.2808    2938       1.08      0.2784      0.05     -0.2462      0.8551    0.004581
           b21            0.1806     0.09288    2938       1.94      0.0520      0.05    -0.00156      0.3627    -0.00607
           b22           0.02317     0.06859    2938       0.34      0.7356      0.05     -0.1113      0.1577    -0.04412
           b23           0.01485      0.1451    2938       0.10      0.9185      0.05     -0.2697      0.2994    -0.01333
           b31           -0.1836     0.08521    2938      -2.15      0.0313      0.05     -0.3507    -0.01651    0.002297
           b32           -0.1391     0.06495    2938      -2.14      0.0323      0.05     -0.2664    -0.01173    -0.05051
           b33            0.1355      0.1327    2938       1.02      0.3072      0.05     -0.1246      0.3956    -0.01358
           b41            1.1349      0.1332    2938       8.52      <.0001      0.05      0.8738      1.3960    0.004135
           b42            1.2194     0.09807    2938      12.43      <.0001      0.05      1.0271      1.4117    0.012896
           b43           -0.8945      0.2112    2938      -4.24      <.0001      0.05     -1.3086     -0.4805    0.001774
           b51           -0.4700      0.1097    2938      -4.28      <.0001      0.05     -0.6851     -0.2549    -0.01163
           b52          -0.09927     0.08101    2938      -1.23      0.2205      0.05     -0.2581     0.05957    0.002934
           b53           0.06837      0.1694    2938       0.40      0.6866      0.05     -0.2638      0.4006     -0.0129
                                                         Model: BIPC Model                       21:08 Monday, November 28, 2016  16

                                                       The NLMIXED Procedure

                                                           Specifications

                                  Data Set                                    WORK.NESDA2         
                                  Dependent Variable                          resp                
                                  Distribution for Dependent Variable         General             
                                  Optimization Technique                      Dual Quasi-Newton   
                                  Integration Method                          None                


                                                             Dimensions

                                              Observations Used                   2938
                                              Observations Not Used                  0
                                              Total Observations                  2938
                                              Parameters                            20


                                                             Parameters
 
       b01       b02       b11       b12       b21       b22       b31       b32       b41       b42       b51       b52       b61

         0         0         0         0         0         0         0         0         0         0         0         0         0

                                                             Parameters
 
                        b62         b71         b72         b81         b82        phi1        phi2    NegLogLike

                          0           0           0           0           0        0.01        0.01    3166.15153


                                                          Iteration History
 
                                  Iter     Calls    NegLogLike        Diff     MaxGrad       Slope

                                     1         2    2015.80319    1150.348    214.1788    -21925.2
                                     2         3    1913.16698    102.6362    113.5041    -162.035
                                     3         5    1849.34201    63.82497    61.11114    -74.3797
                                     4         6    1837.49938    11.84263    41.87658    -17.3676
                                     5         8    1823.12376    14.37562     40.1156    -16.2209
                                     6        10    1817.31119    5.812571    23.88608    -5.03004
                                     7        12    1814.25243    3.058751    14.76769    -1.99026
                                     8        13    1812.33272    1.919711    18.67431    -2.04056
                                     9        15    1811.11015    1.222577    6.307102    -1.83161
                                    10        16    1810.16101    0.949139    9.643613    -0.41045
                                    11        18    1809.77324    0.387762     4.46356    -0.59986
                                    12        20    1809.66381     0.10943     3.94604    -0.07768
                                    13        21    1809.55849    0.105322    1.556616    -0.05473
                                    14        23    1809.54569    0.012807    0.555381    -0.02011
                                    15        25     1809.5403    0.005391    0.394032     -0.0034
                                    16        27    1809.53874    0.001552    0.310437    -0.00082
                                    17        28    1809.53768    0.001063    0.458945    -0.00089
                                    18        29     1809.5367    0.000984    0.258247     -0.0012
                                    19        30    1809.53551    0.001187    0.240989    -0.00081
                                    20        31    1809.53438    0.001131    0.293699    -0.00082
                                    21        32    1809.53324    0.001139    0.300546     -0.0007
                                                         Model: BIPC Model                       21:08 Monday, November 28, 2016  17

                                                       The NLMIXED Procedure

                                                          Iteration History
 
                                  Iter     Calls    NegLogLike        Diff     MaxGrad       Slope

                                    22        33    1809.53138    0.001858    0.214571    -0.00123
                                    23        35    1809.53033    0.001047     0.25596    -0.00129
                                    24        36    1809.52928    0.001053    0.300299    -0.00047
                                    25        37    1809.52826    0.001017    0.191285    -0.00079
                                    26        39    1809.52778    0.000482    0.152226    -0.00057
                                    27        41    1809.52753    0.000254    0.119534    -0.00017
                                    28        43    1809.52748    0.000052    0.031316    -0.00007
                                    29        45    1809.52747    6.958E-6    0.014218    -4.87E-6


                                            NOTE: GCONV convergence criterion satisfied.          


                                                           Fit Statistics

                                              -2 Log Likelihood                 3619.1
                                              AIC (smaller is better)           3659.1
                                              AICC (smaller is better)          3659.3
                                              BIC (smaller is better)           3778.8


                                                        Parameter Estimates
 
                                    Standard
           Parameter    Estimate       Error      DF    t Value    Pr > |t|     Alpha       Lower       Upper    Gradient

           b01           -2.2371      0.1347    2938     -16.61      <.0001      0.05     -2.5012     -1.9730    0.000917
           b02           -1.5487      0.1069    2938     -14.48      <.0001      0.05     -1.7584     -1.3390     0.00282
           b11           -0.1361      0.1439    2938      -0.95      0.3442      0.05     -0.4182      0.1460    0.000619
           b12           -0.2122      0.1206    2938      -1.76      0.0787      0.05     -0.4487     0.02433    0.001017
           b21            0.2028     0.07238    2938       2.80      0.0051      0.05     0.06090      0.3447    0.004231
           b22           0.05710     0.05906    2938       0.97      0.3338      0.05    -0.05871      0.1729     -0.0051
           b31           -0.1362     0.07010    2938      -1.94      0.0521      0.05     -0.2736    0.001258    -0.01422
           b32           -0.1207     0.05993    2938      -2.01      0.0440      0.05     -0.2382    -0.00325    0.005605
           b41            1.0033      0.1052    2938       9.54      <.0001      0.05      0.7970      1.2095    -0.00176
           b42            1.1156     0.08831    2938      12.63      <.0001      0.05      0.9424      1.2887    0.003441
           b51           -0.4151     0.08867    2938      -4.68      <.0001      0.05     -0.5890     -0.2412    0.004256
           b52           -0.1200     0.07309    2938      -1.64      0.1006      0.05     -0.2634     0.02326    -0.00423
           b61          -0.01186     0.06775    2938      -0.18      0.8611      0.05     -0.1447      0.1210    -0.00199
           b62           0.02834     0.05719    2938       0.50      0.6203      0.05    -0.08379      0.1405    0.008945
           b71          -0.06385     0.06778    2938      -0.94      0.3463      0.05     -0.1967     0.06905    -0.00604
           b72           -0.1025     0.05877    2938      -1.74      0.0813      0.05     -0.2177     0.01274    0.002962
           b81          -0.05687     0.07407    2938      -0.77      0.4426      0.05     -0.2021     0.08835    0.001139
           b82          -0.02043     0.06304    2938      -0.32      0.7459      0.05     -0.1440      0.1032    0.003774
           phi1          -0.2388      0.2348    2938      -1.02      0.3092      0.05     -0.6992      0.2216    0.011486
           phi2          -0.4054      0.3388    2938      -1.20      0.2316      0.05     -1.0698      0.2589    0.006407


                                                         Model: BIPC Model                       21:08 Monday, November 28, 2016  18

                                                       The NLMIXED Procedure

                                                        Additional Estimates
 
                                        Standard
                   Label    Estimate       Error      DF    t Value    Pr > |t|     Alpha       Lower       Upper

                   b03        1.6957      0.2101    2938       8.07      <.0001      0.05      1.2838      2.1076
                   b13        0.1185     0.07511    2938       1.58      0.1147      0.05    -0.02875      0.2658
                   b23      -0.07158     0.04250    2938      -1.68      0.0923      0.05     -0.1549     0.01176
                   b33       0.08148     0.03452    2938       2.36      0.0183      0.05     0.01378      0.1492
                   b43       -0.6919      0.1653    2938      -4.19      <.0001      0.05     -1.0160     -0.3678
                   b53        0.1478     0.07040    2938       2.10      0.0359      0.05    0.009755      0.2858
                   b63      -0.00866     0.03248    2938      -0.27      0.7898      0.05    -0.07234     0.05502
                   b73       0.05680     0.03536    2938       1.61      0.1083      0.05    -0.01253      0.1261
                   b83       0.02186     0.03349    2938       0.65      0.5139      0.05    -0.04381     0.08753
                                                         Model: BIPC Model                       21:08 Monday, November 28, 2016  19

                                                       The NLMIXED Procedure

                                                           Specifications

                                  Data Set                                    WORK.NESDA2         
                                  Dependent Variable                          resp                
                                  Distribution for Dependent Variable         General             
                                  Optimization Technique                      Dual Quasi-Newton   
                                  Integration Method                          None                


                                                             Dimensions

                                              Observations Used                   2938
                                              Observations Not Used                  0
                                              Total Observations                  2938
                                              Parameters                            14


                                                             Parameters
 
       b01       b02       b11       b12       b21       b22       b31       b32       b41       b42       b51       b52      phi1

         0         0         0         0         0         0         0         0         0         0         0         0      0.01

                                                             Parameters
 
                                                           phi2    NegLogLike

                                                           0.01    3166.15153


                                                          Iteration History
 
                                  Iter     Calls    NegLogLike        Diff     MaxGrad       Slope

                                     1         2    2017.85875    1148.293    191.2615    -20824.4
                                     2         4    1860.24197    157.6168    59.32075    -138.539
                                     3         5    1840.37638    19.86559    69.48809    -38.4086
                                     4         6    1821.96276    18.41361    32.47103    -36.7338
                                     5         7    1819.72332    2.239445    35.81559     -10.467
                                     6         9    1814.84348    4.879842    19.19684    -7.01419
                                     7        11    1812.86131    1.982169    7.695648    -1.66216
                                     8        13    1812.18048    0.680825    5.135441    -0.71557
                                     9        15    1811.94599     0.23449    1.665494    -0.17936
                                    10        17    1811.92166    0.024331    0.587518    -0.03255
                                    11        19    1811.91404     0.00762    0.584365    -0.00497
                                    12        21     1811.9093    0.004744    0.569155    -0.00411
                                    13        23    1811.89815    0.011148    0.980739    -0.00353
                                    14        24    1811.88601    0.012139    0.732009    -0.00973
                                    15        26    1811.88322    0.002787    0.577413    -0.00302
                                    16        27    1811.88066    0.002558    0.295013    -0.00174
                                    17        29    1811.87995    0.000713     0.06559    -0.00126
                                    18        31    1811.87991    0.000043    0.010591    -0.00007
                                    19        33    1811.87991    8.522E-7    0.001422    -1.45E-6
                                                         Model: BIPC Model                       21:08 Monday, November 28, 2016  20

                                                       The NLMIXED Procedure

                                            NOTE: GCONV convergence criterion satisfied.          


                                                           Fit Statistics

                                              -2 Log Likelihood                 3623.8
                                              AIC (smaller is better)           3651.8
                                              AICC (smaller is better)          3651.9
                                              BIC (smaller is better)           3735.6


                                                        Parameter Estimates
 
                                    Standard
           Parameter    Estimate       Error      DF    t Value    Pr > |t|     Alpha       Lower       Upper    Gradient

           b01           -2.2104      0.1311    2938     -16.86      <.0001      0.05     -2.4676     -1.9533     -0.0009
           b02           -1.5061      0.1034    2938     -14.56      <.0001      0.05     -1.7089     -1.3033    0.000151
           b11           -0.1696      0.1393    2938      -1.22      0.2235      0.05     -0.4428      0.1036    -0.00077
           b12           -0.2626      0.1166    2938      -2.25      0.0244      0.05     -0.4912    -0.03392    0.001422
           b21            0.1964     0.07212    2938       2.72      0.0065      0.05     0.05498      0.3378    -0.00062
           b22           0.04702     0.05853    2938       0.80      0.4218      0.05    -0.06774      0.1618    -0.00044
           b31           -0.1459     0.06523    2938      -2.24      0.0254      0.05     -0.2738    -0.01801    -0.00104
           b32           -0.1246     0.05546    2938      -2.25      0.0248      0.05     -0.2333    -0.01583    -0.00012
           b41            1.0288      0.1020    2938      10.09      <.0001      0.05      0.8288      1.2287    -0.00032
           b42            1.1350     0.08471    2938      13.40      <.0001      0.05      0.9689      1.3011    0.000548
           b51           -0.4459     0.08474    2938      -5.26      <.0001      0.05     -0.6120     -0.2797    0.000766
           b52           -0.1387     0.06968    2938      -1.99      0.0467      0.05     -0.2753    -0.00202    0.000194
           phi1          -0.2086      0.2173    2938      -0.96      0.3371      0.05     -0.6348      0.2175    -0.00092
           phi2          -0.4555      0.3272    2938      -1.39      0.1640      0.05     -1.0970      0.1861    -0.00088


                                                        Additional Estimates
 
                                        Standard
                   Label    Estimate       Error      DF    t Value    Pr > |t|     Alpha       Lower       Upper

                   b03        1.6858      0.2067    2938       8.16      <.0001      0.05      1.2805      2.0910
                   b13        0.1550     0.08079    2938       1.92      0.0552      0.05    -0.00343      0.3134
                   b23      -0.06239     0.04266    2938      -1.46      0.1437      0.05     -0.1460     0.02126
                   b33       0.08719     0.03359    2938       2.60      0.0095      0.05     0.02133      0.1530
                   b43       -0.7316      0.1699    2938      -4.31      <.0001      0.05     -1.0648     -0.3984
                   b53        0.1562     0.06738    2938       2.32      0.0205      0.05     0.02406      0.2883
